m-001 [Error] colophon.xhtml Non-canonical Faded Page URL. Expected 
`https://www.fadedpage.com/showbook.php?pid=<BOOK-ID>`.
        <a href="https://www.fadedpage.com/showbook/1234">Faded Page</a>
m-001 [Error] content.opf Non-canonical Faded Page URL. Expected 
`https://www.fadedpage.com/showbook.php?pid=<BOOK-ID>`.
        <dc:source>https://www.fadedpage.com/showbook/1234</dc:source>
